Archive member included to satisfy reference by file (symbol)

C:/ST/STM32CubeIDE_2.2.0/STM32CubeIDE/plugins/com.st.stm32cube.ide.mcu.externaltools.gnu-tools-for-stm32.14.3.rel1.win32_1.0.100.202602081740/tools/bin/../lib/gcc/arm-none-eabi/14.3.1/../../../../arm-none-eabi/lib/thumb/v7e-m+fp/hard\libc_nano.a(libc_a-exit.o)
                              C:/ST/STM32CubeIDE_2.2.0/STM32CubeIDE/plugins/com.st.stm32cube.ide.mcu.externaltools.gnu-tools-for-stm32.14.3.rel1.win32_1.0.100.202602081740/tools/bin/../lib/gcc/arm-none-eabi/14.3.1/../../../../arm-none-eabi/lib/thumb/v7e-m+fp/hard/crt0.o (exit)
C:/ST/STM32CubeIDE_2.2.0/STM32CubeIDE/plugins/com.st.stm32cube.ide.mcu.externaltools.gnu-tools-for-stm32.14.3.rel1.win32_1.0.100.202602081740/tools/bin/../lib/gcc/arm-none-eabi/14.3.1/../../../../arm-none-eabi/lib/thumb/v7e-m+fp/hard\libc_nano.a(libc_a-findfp.o)
                              C:/ST/STM32CubeIDE_2.2.0/STM32CubeIDE/plugins/com.st.stm32cube.ide.mcu.externaltools.gnu-tools-for-stm32.14.3.rel1.win32_1.0.100.202602081740/tools/bin/../lib/gcc/arm-none-eabi/14.3.1/../../../../arm-none-eabi/lib/thumb/v7e-m+fp/hard\libc_nano.a(libc_a-exit.o) (__stdio_exit_handler)
C:/ST/STM32CubeIDE_2.2.0/STM32CubeIDE/plugins/com.st.stm32cube.ide.mcu.externaltools.gnu-tools-for-stm32.14.3.rel1.win32_1.0.100.202602081740/tools/bin/../lib/gcc/arm-none-eabi/14.3.1/../../../../arm-none-eabi/lib/thumb/v7e-m+fp/hard\libc_nano.a(libc_a-fwalk.o)
                              C:/ST/STM32CubeIDE_2.2.0/STM32CubeIDE/plugins/com.st.stm32cube.ide.mcu.externaltools.gnu-tools-for-stm32.14.3.rel1.win32_1.0.100.202602081740/tools/bin/../lib/gcc/arm-none-eabi/14.3.1/../../../../arm-none-eabi/lib/thumb/v7e-m+fp/hard\libc_nano.a(libc_a-findfp.o) (_fwalk_sglue)
C:/ST/STM32CubeIDE_2.2.0/STM32CubeIDE/plugins/com.st.stm32cube.ide.mcu.externaltools.gnu-tools-for-stm32.14.3.rel1.win32_1.0.100.202602081740/tools/bin/../lib/gcc/arm-none-eabi/14.3.1/../../../../arm-none-eabi/lib/thumb/v7e-m+fp/hard\libc_nano.a(libc_a-stdio.o)
                              C:/ST/STM32CubeIDE_2.2.0/STM32CubeIDE/plugins/com.st.stm32cube.ide.mcu.externaltools.gnu-tools-for-stm32.14.3.rel1.win32_1.0.100.202602081740/tools/bin/../lib/gcc/arm-none-eabi/14.3.1/../../../../arm-none-eabi/lib/thumb/v7e-m+fp/hard\libc_nano.a(libc_a-findfp.o) (__sread)
C:/ST/STM32CubeIDE_2.2.0/STM32CubeIDE/plugins/com.st.stm32cube.ide.mcu.externaltools.gnu-tools-for-stm32.14.3.rel1.win32_1.0.100.202602081740/tools/bin/../lib/gcc/arm-none-eabi/14.3.1/../../../../arm-none-eabi/lib/thumb/v7e-m+fp/hard\libc_nano.a(libc_a-memset.o)
                              C:/ST/STM32CubeIDE_2.2.0/STM32CubeIDE/plugins/com.st.stm32cube.ide.mcu.externaltools.gnu-tools-for-stm32.14.3.rel1.win32_1.0.100.202602081740/tools/bin/../lib/gcc/arm-none-eabi/14.3.1/../../../../arm-none-eabi/lib/thumb/v7e-m+fp/hard/crt0.o (memset)
C:/ST/STM32CubeIDE_2.2.0/STM32CubeIDE/plugins/com.st.stm32cube.ide.mcu.externaltools.gnu-tools-for-stm32.14.3.rel1.win32_1.0.100.202602081740/tools/bin/../lib/gcc/arm-none-eabi/14.3.1/../../../../arm-none-eabi/lib/thumb/v7e-m+fp/hard\libc_nano.a(libc_a-closer.o)
                              C:/ST/STM32CubeIDE_2.2.0/STM32CubeIDE/plugins/com.st.stm32cube.ide.mcu.externaltools.gnu-tools-for-stm32.14.3.rel1.win32_1.0.100.202602081740/tools/bin/../lib/gcc/arm-none-eabi/14.3.1/../../../../arm-none-eabi/lib/thumb/v7e-m+fp/hard\libc_nano.a(libc_a-stdio.o) (_close_r)
C:/ST/STM32CubeIDE_2.2.0/STM32CubeIDE/plugins/com.st.stm32cube.ide.mcu.externaltools.gnu-tools-for-stm32.14.3.rel1.win32_1.0.100.202602081740/tools/bin/../lib/gcc/arm-none-eabi/14.3.1/../../../../arm-none-eabi/lib/thumb/v7e-m+fp/hard\libc_nano.a(libc_a-reent.o)
                              C:/ST/STM32CubeIDE_2.2.0/STM32CubeIDE/plugins/com.st.stm32cube.ide.mcu.externaltools.gnu-tools-for-stm32.14.3.rel1.win32_1.0.100.202602081740/tools/bin/../lib/gcc/arm-none-eabi/14.3.1/../../../../arm-none-eabi/lib/thumb/v7e-m+fp/hard\libc_nano.a(libc_a-closer.o) (errno)
C:/ST/STM32CubeIDE_2.2.0/STM32CubeIDE/plugins/com.st.stm32cube.ide.mcu.externaltools.gnu-tools-for-stm32.14.3.rel1.win32_1.0.100.202602081740/tools/bin/../lib/gcc/arm-none-eabi/14.3.1/../../../../arm-none-eabi/lib/thumb/v7e-m+fp/hard\libc_nano.a(libc_a-impure.o)
                              C:/ST/STM32CubeIDE_2.2.0/STM32CubeIDE/plugins/com.st.stm32cube.ide.mcu.externaltools.gnu-tools-for-stm32.14.3.rel1.win32_1.0.100.202602081740/tools/bin/../lib/gcc/arm-none-eabi/14.3.1/../../../../arm-none-eabi/lib/thumb/v7e-m+fp/hard\libc_nano.a(libc_a-reent.o) (_impure_ptr)
C:/ST/STM32CubeIDE_2.2.0/STM32CubeIDE/plugins/com.st.stm32cube.ide.mcu.externaltools.gnu-tools-for-stm32.14.3.rel1.win32_1.0.100.202602081740/tools/bin/../lib/gcc/arm-none-eabi/14.3.1/../../../../arm-none-eabi/lib/thumb/v7e-m+fp/hard\libc_nano.a(libc_a-lseekr.o)
[...]
Memory Configuration

Name             Origin             Length             Attributes
RAM              0x20000000         0x00020000         xrw
FLASH            0x08000000         0x00080000         xr
*default*        0x00000000         0xffffffff

Linker script and memory map

LOAD C:/ST/STM32CubeIDE_2.2.0/STM32CubeIDE/plugins/com.st.stm32cube.ide.mcu.externaltools.gnu-tools-for-stm32.14.3.rel1.win32_1.0.100.202602081740/tools/bin/../lib/gcc/arm-none-eabi/14.3.1/thumb/v7e-m+fp/hard/crti.o
LOAD C:/ST/STM32CubeIDE_2.2.0/STM32CubeIDE/plugins/com.st.stm32cube.ide.mcu.externaltools.gnu-tools-for-stm32.14.3.rel1.win32_1.0.100.202602081740/tools/bin/../lib/gcc/arm-none-eabi/14.3.1/thumb/v7e-m+fp/hard/crtbegin.o
LOAD C:/ST/STM32CubeIDE_2.2.0/STM32CubeIDE/plugins/com.st.stm32cube.ide.mcu.externaltools.gnu-tools-for-stm32.14.3.rel1.win32_1.0.100.202602081740/tools/bin/../lib/gcc/arm-none-eabi/14.3.1/../../../../arm-none-eabi/lib/thumb/v7e-m+fp/hard/crt0.o
LOAD ./Application/User/Core/gpio.o
LOAD ./Application/User/Core/main.o
LOAD ./Application/User/Core/stm32g4xx_hal_msp.o
LOAD ./Application/User/Core/stm32g4xx_it.o
LOAD ./Application/User/Core/syscalls.o
LOAD ./Application/User/Core/sysmem.o
LOAD ./Application/User/Startup/startup_stm32g474retx.o
LOAD ./Drivers/BSP/STM32G4xx_Nucleo/stm32g4xx_nucleo.o
LOAD ./Drivers/CMSIS/system_stm32g4xx.o
LOAD ./Drivers/STM32G4xx_HAL_Driver/stm32g4xx_hal.o
LOAD ./Drivers/STM32G4xx_HAL_Driver/stm32g4xx_hal_cortex.o
LOAD ./Drivers/STM32G4xx_HAL_Driver/stm32g4xx_hal_dma.o
LOAD ./Drivers/STM32G4xx_HAL_Driver/stm32g4xx_hal_dma_ex.o
LOAD ./Drivers/STM32G4xx_HAL_Driver/stm32g4xx_hal_exti.o
LOAD ./Drivers/STM32G4xx_HAL_Driver/stm32g4xx_hal_flash.o
LOAD ./Drivers/STM32G4xx_HAL_Driver/stm32g4xx_hal_flash_ex.o
LOAD ./Drivers/STM32G4xx_HAL_Driver/stm32g4xx_hal_flash_ramfunc.o
LOAD ./Drivers/STM32G4xx_HAL_Driver/stm32g4xx_hal_gpio.o
LOAD ./Drivers/STM32G4xx_HAL_Driver/stm32g4xx_hal_pwr.o
LOAD ./Drivers/STM32G4xx_HAL_Driver/stm32g4xx_hal_pwr_ex.o
LOAD ./Drivers/STM32G4xx_HAL_Driver/stm32g4xx_hal_rcc.o
LOAD ./Drivers/STM32G4xx_HAL_Driver/stm32g4xx_hal_rcc_ex.o
LOAD ./Drivers/STM32G4xx_HAL_Driver/stm32g4xx_hal_uart.o
LOAD ./Drivers/STM32G4xx_HAL_Driver/stm32g4xx_hal_uart_ex.o
LOAD ./Drivers/STM32G4xx_HAL_Driver/stm32g4xx_hal_usart.o
LOAD ./Drivers/STM32G4xx_HAL_Driver/stm32g4xx_hal_usart_ex.o
START GROUP
LOAD C:/ST/STM32CubeIDE_2.2.0/STM32CubeIDE/plugins/com.st.stm32cube.ide.mcu.externaltools.gnu-tools-for-stm32.14.3.rel1.win32_1.0.100.202602081740/tools/bin/../lib/gcc/arm-none-eabi/14.3.1/../../../../arm-none-eabi/lib/thumb/v7e-m+fp/hard\libc_nano.a
LOAD C:/ST/STM32CubeIDE_2.2.0/STM32CubeIDE/plugins/com.st.stm32cube.ide.mcu.externaltools.gnu-tools-for-stm32.14.3.rel1.win32_1.0.100.202602081740/tools/bin/../lib/gcc/arm-none-eabi/14.3.1/../../../../arm-none-eabi/lib/thumb/v7e-m+fp/hard\libm.a
END GROUP
START GROUP
LOAD C:/ST/STM32CubeIDE_2.2.0/STM32CubeIDE/plugins/com.st.stm32cube.ide.mcu.externaltools.gnu-tools-for-stm32.14.3.rel1.win32_1.0.100.202602081740/tools/bin/../lib/gcc/arm-none-eabi/14.3.1/thumb/v7e-m+fp/hard\libgcc.a
LOAD C:/ST/STM32CubeIDE_2.2.0/STM32CubeIDE/plugins/com.st.stm32cube.ide.mcu.externaltools.gnu-tools-for-stm32.14.3.rel1.win32_1.0.100.202602081740/tools/bin/../lib/gcc/arm-none-eabi/14.3.1/../../../../arm-none-eabi/lib/thumb/v7e-m+fp/hard\libc_nano.a
END GROUP
START GROUP
LOAD C:/ST/STM32CubeIDE_2.2.0/STM32CubeIDE/plugins/com.st.stm32cube.ide.mcu.externaltools.gnu-tools-for-stm32.14.3.rel1.win32_1.0.100.202602081740/tools/bin/../lib/gcc/arm-none-eabi/14.3.1/thumb/v7e-m+fp/hard\libgcc.a
LOAD C:/ST/STM32CubeIDE_2.2.0/STM32CubeIDE/plugins/com.st.stm32cube.ide.mcu.externaltools.gnu-tools-for-stm32.14.3.rel1.win32_1.0.100.202602081740/tools/bin/../lib/gcc/arm-none-eabi/14.3.1/../../../../arm-none-eabi/lib/thumb/v7e-m+fp/hard\libc_nano.a
LOAD C:/ST/STM32CubeIDE_2.2.0/STM32CubeIDE/plugins/com.st.stm32cube.ide.mcu.externaltools.gnu-tools-for-stm32.14.3.rel1.win32_1.0.100.202602081740/tools/bin/../lib/gcc/arm-none-eabi/14.3.1/../../../../arm-none-eabi/lib/thumb/v7e-m+fp/hard\libnosys.a
END GROUP
START GROUP
LOAD C:/ST/STM32CubeIDE_2.2.0/STM32CubeIDE/plugins/com.st.stm32cube.ide.mcu.externaltools.gnu-tools-for-stm32.14.3.rel1.win32_1.0.100.202602081740/tools/bin/../lib/gcc/arm-none-eabi/14.3.1/thumb/v7e-m+fp/hard\libgcc.a
LOAD C:/ST/STM32CubeIDE_2.2.0/STM32CubeIDE/plugins/com.st.stm32cube.ide.mcu.externaltools.gnu-tools-for-stm32.14.3.rel1.win32_1.0.100.202602081740/tools/bin/../lib/gcc/arm-none-eabi/14.3.1/../../../../arm-none-eabi/lib/thumb/v7e-m+fp/hard\libc_nano.a
LOAD C:/ST/STM32CubeIDE_2.2.0/STM32CubeIDE/plugins/com.st.stm32cube.ide.mcu.externaltools.gnu-tools-for-stm32.14.3.rel1.win32_1.0.100.202602081740/tools/bin/../lib/gcc/arm-none-eabi/14.3.1/../../../../arm-none-eabi/lib/thumb/v7e-m+fp/hard\libnosys.a
END GROUP
LOAD C:/ST/STM32CubeIDE_2.2.0/STM32CubeIDE/plugins/com.st.stm32cube.ide.mcu.externaltools.gnu-tools-for-stm32.14.3.rel1.win32_1.0.100.202602081740/tools/bin/../lib/gcc/arm-none-eabi/14.3.1/thumb/v7e-m+fp/hard/crtend.o
LOAD C:/ST/STM32CubeIDE_2.2.0/STM32CubeIDE/plugins/com.st.stm32cube.ide.mcu.externaltools.gnu-tools-for-stm32.14.3.rel1.win32_1.0.100.202602081740/tools/bin/../lib/gcc/arm-none-eabi/14.3.1/thumb/v7e-m+fp/hard/crtn.o
                0x20020000                        _estack = (ORIGIN (RAM) + LENGTH (RAM))
                0x00000200                        _Min_Heap_Size = 0x200
                0x00000400                        _Min_Stack_Size = 0x400

.isr_vector     0x08000000      0x1d8
                0x08000000                        . = ALIGN (0x4)
 *(.isr_vector)
 .isr_vector    0x08000000      0x1d8 ./Application/User/Startup/startup_stm32g474retx.o
                0x08000000                g_pfnVectors
                0x080001d8                        . = ALIGN (0x4)

.text           0x080001d8     0x2728
                0x080001d8                        . = ALIGN (0x4)
 *(.text)
 .text          0x080001d8       0x40 C:/ST/STM32CubeIDE_2.2.0/STM32CubeIDE/plugins/com.st.stm32cube.ide.mcu.externaltools.gnu-tools-for-stm32.14.3.rel1.win32_1.0.100.202602081740/tools/bin/../lib/gcc/arm-none-eabi/14.3.1/thumb/v7e-m+fp/hard/crtbegin.o
 .text          0x08000218       0x30 C:/ST/STM32CubeIDE_2.2.0/STM32CubeIDE/plugins/com.st.stm32cube.ide.mcu.externaltools.gnu-tools-for-stm32.14.3.rel1.win32_1.0.100.202602081740/tools/bin/../lib/gcc/arm-none-eabi/14.3.1/thumb/v7e-m+fp/hard\libgcc.a(_aeabi_uldivmod.o)
                0x08000218                __aeabi_uldivmod
 .text          0x08000248      0x2f8 C:/ST/STM32CubeIDE_2.2.0/STM32CubeIDE/plugins/com.st.stm32cube.ide.mcu.externaltools.gnu-tools-for-stm32.14.3.rel1.win32_1.0.100.202602081740/tools/bin/../lib/gcc/arm-none-eabi/14.3.1/thumb/v7e-m+fp/hard\libgcc.a(_udivmoddi4.o)
                0x08000248                __udivmoddi4
 .text          0x08000540        0x4 C:/ST/STM32CubeIDE_2.2.0/STM32CubeIDE/plugins/com.st.stm32cube.ide.mcu.externaltools.gnu-tools-for-stm32.14.3.rel1.win32_1.0.100.202602081740/tools/bin/../lib/gcc/arm-none-eabi/14.3.1/thumb/v7e-m+fp/hard\libgcc.a(_dvmd_tls.o)
                0x08000540                __aeabi_idiv0
                0x08000540                __aeabi_ldiv0
 *(.text*)
 .text.MX_GPIO_Init
                0x08000544       0x78 ./Application/User/Core/gpio.o
                0x08000544                MX_GPIO_Init
 .text.main     0x080005bc       0x5c ./Application/User/Core/main.o
                0x080005bc                main
 .text.SystemClock_Config
                0x08000618       0x96 ./Application/User/Core/main.o
                0x08000618                SystemClock_Config
 .text.Error_Handler
                0x080006ae        0xc ./Application/User/Core/main.o
                0x080006ae                Error_Handler
 *fill*         0x080006ba        0x2 
 .text.HAL_MspInit
                0x080006bc       0x48 ./Application/User/Core/stm32g4xx_hal_msp.o
                0x080006bc                HAL_MspInit
 .text.NMI_Handler
                0x08000704        0x8 ./Application/User/Core/stm32g4xx_it.o
                0x08000704                NMI_Handler
 .text.HardFault_Handler
                0x0800070c        0x8 ./Application/User/Core/stm32g4xx_it.o
                0x0800070c                HardFault_Handler
 .text.MemManage_Handler
                0x08000714        0x8 ./Application/User/Core/stm32g4xx_it.o
                0x08000714                MemManage_Handler
 .text.BusFault_Handler
                0x0800071c        0x8 ./Application/User/Core/stm32g4xx_it.o
                0x0800071c                BusFault_Handler
 .text.UsageFault_Handler
                0x08000724        0x8 ./Application/User/Core/stm32g4xx_it.o
                0x08000724                UsageFault_Handler
 .text.SVC_Handler
                0x0800072c        0xe ./Application/User/Core/stm32g4xx_it.o
                0x0800072c                SVC_Handler
 .text.DebugMon_Handler
                0x0800073a        0xe ./Application/User/Core/stm32g4xx_it.o
                0x0800073a                DebugMon_Handler
 .text.PendSV_Handler
                0x08000748        0xe ./Application/User/Core/stm32g4xx_it.o
                0x08000748                PendSV_Handler
 .text.SysTick_Handler
                0x08000756        0xc ./Application/User/Core/stm32g4xx_it.o
                0x08000756                SysTick_Handler
 .text.EXTI15_10_IRQHandler
                0x08000762        0xe ./Application/User/Core/stm32g4xx_it.o
                0x08000762                EXTI15_10_IRQHandler
 .text.Reset_Handler
                0x08000770       0x50 ./Application/User/Startup/startup_stm32g474retx.o
                0x08000770                Reset_Handler
 .text.Default_Handler
                0x080007c0        0x2 ./Application/User/Startup/startup_stm32g474retx.o
                0x080007c0                RTC_Alarm_IRQHandler
                0x080007c0                EXTI2_IRQHandler
                0x080007c0                TIM8_TRG_COM_IRQHandler
                0x080007c0                TIM8_CC_IRQHandler
                0x080007c0                HRTIM1_Master_IRQHandler
                0x080007c0                SPI4_IRQHandler
                0x080007c0                FDCAN3_IT0_IRQHandler
                0x080007c0                TIM1_CC_IRQHandler
                0x080007c0                HRTIM1_FLT_IRQHandler
                0x080007c0                HRTIM1_TIMF_IRQHandler
                0x080007c0                USB_HP_IRQHandler
                0x080007c0                CORDIC_IRQHandler
                0x080007c0                HRTIM1_TIMD_IRQHandler
                0x080007c0                DMA2_Channel8_IRQHandler
                0x080007c0                EXTI3_IRQHandler
                0x080007c0                I2C3_ER_IRQHandler
                0x080007c0                EXTI0_IRQHandler
                0x080007c0                I2C2_EV_IRQHandler
                0x080007c0                FPU_IRQHandler
                0x080007c0                FDCAN1_IT1_IRQHandler
                0x080007c0                TIM1_UP_TIM16_IRQHandler
                0x080007c0                ADC1_2_IRQHandler
                0x080007c0                HRTIM1_TIME_IRQHandler
                0x080007c0                SPI1_IRQHandler
                0x080007c0                TIM6_DAC_IRQHandler
                0x080007c0                HRTIM1_TIMC_IRQHandler
                0x080007c0                TIM8_UP_IRQHandler
                0x080007c0                DMA2_Channel2_IRQHandler
                0x080007c0                DMA1_Channel4_IRQHandler
                0x080007c0                TIM20_TRG_COM_IRQHandler
                0x080007c0                USART3_IRQHandler
                0x080007c0                DMA1_Channel7_IRQHandler
                0x080007c0                UART5_IRQHandler
                0x080007c0                ADC3_IRQHandler
                0x080007c0                TIM4_IRQHandler
                0x080007c0                DMA2_Channel1_IRQHandler
                0x080007c0                QUADSPI_IRQHandler
                0x080007c0                I2C1_EV_IRQHandler
                0x080007c0                DMA1_Channel6_IRQHandler
                0x080007c0                UART4_IRQHandler
                0x080007c0                DMA2_Channel4_IRQHandler
                0x080007c0                TIM3_IRQHandler
                0x080007c0                RCC_IRQHandler
                0x080007c0                TIM20_UP_IRQHandler
                0x080007c0                DMA1_Channel1_IRQHandler
                0x080007c0                Default_Handler
                0x080007c0                DMA2_Channel7_IRQHandler
                0x080007c0                RTC_TAMP_LSECSS_IRQHandler
                0x080007c0                FMAC_IRQHandler
                0x080007c0                DMA1_Channel8_IRQHandler
                0x080007c0                HRTIM1_TIMA_IRQHandler
                0x080007c0                TIM7_DAC_IRQHandler
                0x080007c0                FDCAN3_IT1_IRQHandler
                0x080007c0                TIM5_IRQHandler
                0x080007c0                UCPD1_IRQHandler
                0x080007c0                I2C3_EV_IRQHandler
                0x080007c0                EXTI9_5_IRQHandler
                0x080007c0                RTC_WKUP_IRQHandler
                0x080007c0                PVD_PVM_IRQHandler
                0x080007c0                SPI2_IRQHandler
                0x080007c0                ADC5_IRQHandler
                0x080007c0                DMA2_Channel5_IRQHandler
                0x080007c0                CRS_IRQHandler
                0x080007c0                DMA1_Channel5_IRQHandler
                0x080007c0                USB_LP_IRQHandler
                0x080007c0                EXTI4_IRQHandler
                0x080007c0                RNG_IRQHandler
                0x080007c0                HRTIM1_TIMB_IRQHandler
                0x080007c0                TIM1_TRG_COM_TIM17_IRQHandler
                0x080007c0                FDCAN2_IT1_IRQHandler
                0x080007c0                DMA1_Channel3_IRQHandler
                0x080007c0                ADC4_IRQHandler
                0x080007c0                WWDG_IRQHandler
                0x080007c0                I2C4_EV_IRQHandler
                0x080007c0                FDCAN2_IT0_IRQHandler
                0x080007c0                LPUART1_IRQHandler
                0x080007c0                DMA2_Channel6_IRQHandler
                0x080007c0                FDCAN1_IT0_IRQHandler
                0x080007c0                TIM2_IRQHandler
                0x080007c0                COMP7_IRQHandler
                0x080007c0                COMP1_2_3_IRQHandler
                0x080007c0                EXTI1_IRQHandler
                0x080007c0                USART2_IRQHandler
                0x080007c0                COMP4_5_6_IRQHandler
                0x080007c0                TIM20_BRK_IRQHandler
                0x080007c0                I2C2_ER_IRQHandler
                0x080007c0                DMA1_Channel2_IRQHandler
                0x080007c0                TIM8_BRK_IRQHandler
                0x080007c0                FLASH_IRQHandler
                0x080007c0                TIM20_CC_IRQHandler
                0x080007c0                USART1_IRQHandler
                0x080007c0                SPI3_IRQHandler
                0x080007c0                I2C1_ER_IRQHandler
                0x080007c0                FMC_IRQHandler
                0x080007c0                LPTIM1_IRQHandler
                0x080007c0                DMAMUX_OVR_IRQHandler
                0x080007c0                I2C4_ER_IRQHandler
                0x080007c0                USBWakeUp_IRQHandler
                0x080007c0                SAI1_IRQHandler
                0x080007c0                DMA2_Channel3_IRQHandler
                0x080007c0                TIM1_BRK_TIM15_IRQHandler
 *fill*         0x080007c2        0x2 
 .text.BSP_LED_Init
                0x080007c4       0x6c ./Drivers/BSP/STM32G4xx_Nucleo/stm32g4xx_nucleo.o
                0x080007c4                BSP_LED_Init
 .text.BSP_PB_Init
                0x08000830       0xdc ./Drivers/BSP/STM32G4xx_Nucleo/stm32g4xx_nucleo.o
                0x08000830                BSP_PB_Init
 .text.BSP_PB_IRQHandler
                0x0800090c       0x24 ./Drivers/BSP/STM32G4xx_Nucleo/stm32g4xx_nucleo.o
                0x0800090c                BSP_PB_IRQHandler
 .text.BSP_PB_Callback
                0x08000930       0x16 ./Drivers/BSP/STM32G4xx_Nucleo/stm32g4xx_nucleo.o
                0x08000930                BSP_PB_Callback
 *fill*         0x08000946        0x2 
 .text.BSP_COM_Init
                0x08000948       0x60 ./Drivers/BSP/STM32G4xx_Nucleo/stm32g4xx_nucleo.o
                0x08000948                BSP_COM_Init
 .text.MX_LPUART1_Init
                0x080009a8       0x64 ./Drivers/BSP/STM32G4xx_Nucleo/stm32g4xx_nucleo.o
                0x080009a8                MX_LPUART1_Init
 .text.BUTTON_USER_EXTI_Callback
                0x08000a0c        0xe ./Drivers/BSP/STM32G4xx_Nucleo/stm32g4xx_nucleo.o
 *fill*         0x08000a1a        0x2 
 .text.COM1_MspInit
                0x08000a1c       0x98 ./Drivers/BSP/STM32G4xx_Nucleo/stm32g4xx_nucleo.o
 .text.SystemInit
                0x08000ab4       0x24 ./Drivers/CMSIS/system_stm32g4xx.o
                0x08000ab4                SystemInit
 .text.HAL_Init
                0x08000ad8       0x30 ./Drivers/STM32G4xx_HAL_Driver/stm32g4xx_hal.o
                0x08000ad8                HAL_Init
 .text.HAL_InitTick
                0x08000b08       0x74 ./Drivers/STM32G4xx_HAL_Driver/stm32g4xx_hal.o
                0x08000b08                HAL_InitTick
 .text.HAL_IncTick
                0x08000b7c       0x24 ./Drivers/STM32G4xx_HAL_Driver/stm32g4xx_hal.o
                0x08000b7c                HAL_IncTick
 .text.HAL_GetTick
                0x08000ba0       0x18 ./Drivers/STM32G4xx_HAL_Driver/stm32g4xx_hal.o
                0x08000ba0                HAL_GetTick
 .text.__NVIC_SetPriorityGrouping
                0x08000bb8       0x48 ./Drivers/STM32G4xx_HAL_Driver/stm32g4xx_hal_cortex.o
 .text.__NVIC_GetPriorityGrouping
                0x08000c00       0x1c ./Drivers/STM32G4xx_HAL_Driver/stm32g4xx_hal_cortex.o
 .text.__NVIC_EnableIRQ
                0x08000c1c       0x3c ./Drivers/STM32G4xx_HAL_Driver/stm32g4xx_hal_cortex.o
 .text.__NVIC_SetPriority
                0x08000c58       0x54 ./Drivers/STM32G4xx_HAL_Driver/stm32g4xx_hal_cortex.o
 .text.NVIC_EncodePriority
                0x08000cac       0x66 ./Drivers/STM32G4xx_HAL_Driver/stm32g4xx_hal_cortex.o
 *fill*         0x08000d12        0x2 
 .text.SysTick_Config
                0x08000d14       0x44 ./Drivers/STM32G4xx_HAL_Driver/stm32g4xx_hal_cortex.o
 .text.HAL_NVIC_SetPriorityGrouping
                0x08000d58       0x16 ./Drivers/STM32G4xx_HAL_Driver/stm32g4xx_hal_cortex.o
                0x08000d58                HAL_NVIC_SetPriorityGrouping
 .text.HAL_NVIC_SetPriority
                0x08000d6e       0x34 ./Drivers/STM32G4xx_HAL_Driver/stm32g4xx_hal_cortex.o
                0x08000d6e                HAL_NVIC_SetPriority
 .text.HAL_NVIC_EnableIRQ
                0x08000da2       0x1c ./Drivers/STM32G4xx_HAL_Driver/stm32g4xx_hal_cortex.o
                0x08000da2                HAL_NVIC_EnableIRQ
 .text.HAL_SYSTICK_Config
                0x08000dbe       0x18 ./Drivers/STM32G4xx_HAL_Driver/stm32g4xx_hal_cortex.o
                0x08000dbe                HAL_SYSTICK_Config
 .text.HAL_EXTI_RegisterCallback
                0x08000dd6       0x3a ./Drivers/STM32G4xx_HAL_Driver/stm32g4xx_hal_exti.o
                0x08000dd6                HAL_EXTI_RegisterCallback
 .text.HAL_EXTI_GetHandle
                0x08000e10       0x28 ./Drivers/STM32G4xx_HAL_Driver/stm32g4xx_hal_exti.o
                0x08000e10                HAL_EXTI_GetHandle
 .text.HAL_EXTI_IRQHandler
                0x08000e38       0x60 ./Drivers/STM32G4xx_HAL_Driver/stm32g4xx_hal_exti.o
                0x08000e38                HAL_EXTI_IRQHandler
 .text.HAL_GPIO_Init
                0x08000e98      0x318 ./Drivers/STM32G4xx_HAL_Driver/stm32g4xx_hal_gpio.o
                0x08000e98                HAL_GPIO_Init
 .text.HAL_GPIO_WritePin
                0x080011b0       0x30 ./Drivers/STM32G4xx_HAL_Driver/stm32g4xx_hal_gpio.o
                0x080011b0                HAL_GPIO_WritePin
 .text.HAL_PWREx_ControlVoltageScaling
                0x080011e0      0x148 ./Drivers/STM32G4xx_HAL_Driver/stm32g4xx_hal_pwr_ex.o
                0x080011e0                HAL_PWREx_ControlVoltageScaling
 .text.HAL_PWREx_DisableUCPDDeadBattery
                0x08001328       0x20 ./Drivers/STM32G4xx_HAL_Driver/stm32g4xx_hal_pwr_ex.o
                0x08001328                HAL_PWREx_DisableUCPDDeadBattery
 .text.HAL_RCC_OscConfig
                0x08001348      0x624 ./Drivers/STM32G4xx_HAL_Driver/stm32g4xx_hal_rcc.o
                0x08001348                HAL_RCC_OscConfig
 .text.HAL_RCC_ClockConfig
                0x0800196c      0x278 ./Drivers/STM32G4xx_HAL_Driver/stm32g4xx_hal_rcc.o
                0x0800196c                HAL_RCC_ClockConfig
 .text.HAL_RCC_GetSysClockFreq
                0x08001be4       0xc4 ./Drivers/STM32G4xx_HAL_Driver/stm32g4xx_hal_rcc.o
                0x08001be4                HAL_RCC_GetSysClockFreq
 .text.HAL_RCC_GetHCLKFreq
                0x08001ca8       0x18 ./Drivers/STM32G4xx_HAL_Driver/stm32g4xx_hal_rcc.o
                0x08001ca8                HAL_RCC_GetHCLKFreq
 .text.HAL_RCC_GetPCLK1Freq
                0x08001cc0       0x2c ./Drivers/STM32G4xx_HAL_Driver/stm32g4xx_hal_rcc.o
                0x08001cc0                HAL_RCC_GetPCLK1Freq
 .text.HAL_RCC_GetPCLK2Freq
                0x08001cec       0x2c ./Drivers/STM32G4xx_HAL_Driver/stm32g4xx_hal_rcc.o
                0x08001cec                HAL_RCC_GetPCLK2Freq
 .text.RCC_GetSysClockFreqFromPLLSource
                0x08001d18       0x8c ./Drivers/STM32G4xx_HAL_Driver/stm32g4xx_hal_rcc.o
 .text.HAL_UART_Init
                0x08001da4       0xa0 ./Drivers/STM32G4xx_HAL_Driver/stm32g4xx_hal_uart.o
                0x08001da4                HAL_UART_Init
 .text.HAL_UART_MspInit
                0x08001e44       0x14 ./Drivers/STM32G4xx_HAL_Driver/stm32g4xx_hal_uart.o
                0x08001e44                HAL_UART_MspInit
 .text.UART_SetConfig
                0x08001e58      0x5f8 ./Drivers/STM32G4xx_HAL_Driver/stm32g4xx_hal_uart.o
                0x08001e58                UART_SetConfig
 .text.UART_AdvFeatureConfig
                0x08002450      0x144 ./Drivers/STM32G4xx_HAL_Driver/stm32g4xx_hal_uart.o
                0x08002450                UART_AdvFeatureConfig
 .text.UART_CheckIdleState
                0x08002594      0x154 ./Drivers/STM32G4xx_HAL_Driver/stm32g4xx_hal_uart.o
                0x08002594                UART_CheckIdleState
 .text.UART_WaitOnFlagUntilTimeout
                0x080026e8       0xda ./Drivers/STM32G4xx_HAL_Driver/stm32g4xx_hal_uart.o
                0x080026e8                UART_WaitOnFlagUntilTimeout
 .text.UART_EndRxTransfer
                0x080027c2       0xcc ./Drivers/STM32G4xx_HAL_Driver/stm32g4xx_hal_uart.o
 .text.memset   0x0800288e       0x10 C:/ST/STM32CubeIDE_2.2.0/STM32CubeIDE/plugins/com.st.stm32cube.ide.mcu.externaltools.gnu-tools-for-stm32.14.3.rel1.win32_1.0.100.202602081740/tools/bin/../lib/gcc/arm-none-eabi/14.3.1/../../../../arm-none-eabi/lib/thumb/v7e-m+fp/hard\libc_nano.a(libc_a-memset.o)
                0x0800288e                memset
 *fill*         0x0800289e        0x2 
 .text.__libc_init_array
                0x080028a0       0x48 C:/ST/STM32CubeIDE_2.2.0/STM32CubeIDE/plugins/com.st.stm32cube.ide.mcu.externaltools.gnu-tools-for-stm32.14.3.rel1.win32_1.0.100.202602081740/tools/bin/../lib/gcc/arm-none-eabi/14.3.1/../../../../arm-none-eabi/lib/thumb/v7e-m+fp/hard\libc_nano.a(libc_a-init.o)
                0x080028a0                __libc_init_array
 *(.glue_7)
 .glue_7        0x080028e8        0x0 linker stubs
 *(.glue_7t)
 .glue_7t       0x080028e8        0x0 linker stubs
 *(.eh_frame)
 .eh_frame      0x080028e8        0x0 C:/ST/STM32CubeIDE_2.2.0/STM32CubeIDE/plugins/com.st.stm32cube.ide.mcu.externaltools.gnu-tools-for-stm32.14.3.rel1.win32_1.0.100.202602081740/tools/bin/../lib/gcc/arm-none-eabi/14.3.1/thumb/v7e-m+fp/hard/crtbegin.o
 *(.init)
 .init          0x080028e8        0x4 C:/ST/STM32CubeIDE_2.2.0/STM32CubeIDE/plugins/com.st.stm32cube.ide.mcu.externaltools.gnu-tools-for-stm32.14.3.rel1.win32_1.0.100.202602081740/tools/bin/../lib/gcc/arm-none-eabi/14.3.1/thumb/v7e-m+fp/hard/crti.o
                0x080028e8                _init
 .init          0x080028ec        0x8 C:/ST/STM32CubeIDE_2.2.0/STM32CubeIDE/plugins/com.st.stm32cube.ide.mcu.externaltools.gnu-tools-for-stm32.14.3.rel1.win32_1.0.100.202602081740/tools/bin/../lib/gcc/arm-none-eabi/14.3.1/thumb/v7e-m+fp/hard/crtn.o
 *(.fini)
 .fini          0x080028f4        0x4 C:/ST/STM32CubeIDE_2.2.0/STM32CubeIDE/plugins/com.st.stm32cube.ide.mcu.externaltools.gnu-tools-for-stm32.14.3.rel1.win32_1.0.100.202602081740/tools/bin/../lib/gcc/arm-none-eabi/14.3.1/thumb/v7e-m+fp/hard/crti.o
                0x080028f4                _fini
 .fini          0x080028f8        0x8 C:/ST/STM32CubeIDE_2.2.0/STM32CubeIDE/plugins/com.st.stm32cube.ide.mcu.externaltools.gnu-tools-for-stm32.14.3.rel1.win32_1.0.100.202602081740/tools/bin/../lib/gcc/arm-none-eabi/14.3.1/thumb/v7e-m+fp/hard/crtn.o
                0x08002900                        . = ALIGN (0x4)
                0x08002900                        _etext = .

.vfp11_veneer   0x08002900        0x0
 .vfp11_veneer  0x08002900        0x0 linker stubs

.v4_bx          0x08002900        0x0
 .v4_bx         0x08002900        0x0 linker stubs

.iplt           0x08002900        0x0
 .iplt          0x08002900        0x0 C:/ST/STM32CubeIDE_2.2.0/STM32CubeIDE/plugins/com.st.stm32cube.ide.mcu.externaltools.gnu-tools-for-stm32.14.3.rel1.win32_1.0.100.202602081740/tools/bin/../lib/gcc/arm-none-eabi/14.3.1/thumb/v7e-m+fp/hard/crtbegin.o

.rodata         0x08002900       0x34
                0x08002900                        . = ALIGN (0x4)
 *(.rodata)
 *(.rodata*)
 .rodata.BUTTON_EXTI_LINE.2
                0x08002900        0x4 ./Drivers/BSP/STM32G4xx_Nucleo/stm32g4xx_nucleo.o
 .rodata.AHBPrescTable
                0x08002904       0x10 ./Drivers/CMSIS/system_stm32g4xx.o
                0x08002904                AHBPrescTable
 .rodata.APBPrescTable
                0x08002914        0x8 ./Drivers/CMSIS/system_stm32g4xx.o
                0x08002914                APBPrescTable
 .rodata.UARTPrescTable
                0x0800291c       0x18 ./Drivers/STM32G4xx_HAL_Driver/stm32g4xx_hal_uart.o
                0x0800291c                UARTPrescTable
                0x08002934                        . = ALIGN (0x4)

.ARM.extab      0x08002934        0x0
                0x08002934                        . = ALIGN (0x4)
 *(.ARM.extab* .gnu.linkonce.armextab.*)
                0x08002934                        . = ALIGN (0x4)

.ARM            0x08002934        0x8
                0x08002934                        . = ALIGN (0x4)
                0x08002934                        __exidx_start = .
 *(.ARM.exidx*)
 .ARM.exidx     0x08002934        0x8 C:/ST/STM32CubeIDE_2.2.0/STM32CubeIDE/plugins/com.st.stm32cube.ide.mcu.externaltools.gnu-tools-for-stm32.14.3.rel1.win32_1.0.100.202602081740/tools/bin/../lib/gcc/arm-none-eabi/14.3.1/thumb/v7e-m+fp/hard\libgcc.a(_udivmoddi4.o)
                0x0800293c                        __exidx_end = .
                0x0800293c                        . = ALIGN (0x4)

.preinit_array  0x0800293c        0x0
                0x0800293c                        . = ALIGN (0x4)
                0x0800293c                        PROVIDE (__preinit_array_start = .)
 *(.preinit_array*)
                0x0800293c                        PROVIDE (__preinit_array_end = .)
                0x0800293c                        . = ALIGN (0x4)

.init_array     0x0800293c        0x4
                0x0800293c                        . = ALIGN (0x4)
                0x0800293c                        PROVIDE (__init_array_start = .)
 *(SORT_BY_NAME(.init_array.*))
 *(.init_array*)
 .init_array    0x0800293c        0x4 C:/ST/STM32CubeIDE_2.2.0/STM32CubeIDE/plugins/com.st.stm32cube.ide.mcu.externaltools.gnu-tools-for-stm32.14.3.rel1.win32_1.0.100.202602081740/tools/bin/../lib/gcc/arm-none-eabi/14.3.1/thumb/v7e-m+fp/hard/crtbegin.o
                0x08002940                        PROVIDE (__init_array_end = .)
                0x08002940                        . = ALIGN (0x4)

.fini_array     0x08002940        0x4
                0x08002940                        . = ALIGN (0x4)
                [!provide]                        PROVIDE (__fini_array_start = .)
 *(SORT_BY_NAME(.fini_array.*))
 *(.fini_array*)
 .fini_array    0x08002940        0x4 C:/ST/STM32CubeIDE_2.2.0/STM32CubeIDE/plugins/com.st.stm32cube.ide.mcu.externaltools.gnu-tools-for-stm32.14.3.rel1.win32_1.0.100.202602081740/tools/bin/../lib/gcc/arm-none-eabi/14.3.1/thumb/v7e-m+fp/hard/crtbegin.o
                [!provide]                        PROVIDE (__fini_array_end = .)
                0x08002944                        . = ALIGN (0x4)
                0x08002944                        _sidata = LOADADDR (.data)

.rel.dyn        0x08002944        0x0
 .rel.iplt      0x08002944        0x0 C:/ST/STM32CubeIDE_2.2.0/STM32CubeIDE/plugins/com.st.stm32cube.ide.mcu.externaltools.gnu-tools-for-stm32.14.3.rel1.win32_1.0.100.202602081740/tools/bin/../lib/gcc/arm-none-eabi/14.3.1/thumb/v7e-m+fp/hard/crtbegin.o

.data           0x20000000       0x20 load address 0x08002944
                0x20000000                        . = ALIGN (0x4)
                0x20000000                        _sdata = .
 *(.data)
 *(.data*)
 .data.LED_PORT
                0x20000000        0x4 ./Drivers/BSP/STM32G4xx_Nucleo/stm32g4xx_nucleo.o
 .data.BUTTON_PORT
                0x20000004        0x4 ./Drivers/BSP/STM32G4xx_Nucleo/stm32g4xx_nucleo.o
 .data.COM_USART
                0x20000008        0x4 ./Drivers/BSP/STM32G4xx_Nucleo/stm32g4xx_nucleo.o
 .data.ButtonCallback.1
                0x2000000c        0x4 ./Drivers/BSP/STM32G4xx_Nucleo/stm32g4xx_nucleo.o
 .data.BSP_BUTTON_PRIO.0
                0x20000010        0x4 ./Drivers/BSP/STM32G4xx_Nucleo/stm32g4xx_nucleo.o
 .data.SystemCoreClock
                0x20000014        0x4 ./Drivers/CMSIS/system_stm32g4xx.o
                0x20000014                SystemCoreClock
 .data.uwTickPrio
                0x20000018        0x4 ./Drivers/STM32G4xx_HAL_Driver/stm32g4xx_hal.o
                0x20000018                uwTickPrio
 .data.uwTickFreq
                0x2000001c        0x4 ./Drivers/STM32G4xx_HAL_Driver/stm32g4xx_hal.o
                0x2000001c                uwTickFreq
 *(.RamFunc)
 *(.RamFunc*)
                0x20000020                        . = ALIGN (0x4)
                0x20000020                        _edata = .

.igot.plt       0x20000020        0x0 load address 0x08002964
 .igot.plt      0x20000020        0x0 C:/ST/STM32CubeIDE_2.2.0/STM32CubeIDE/plugins/com.st.stm32cube.ide.mcu.externaltools.gnu-tools-for-stm32.14.3.rel1.win32_1.0.100.202602081740/tools/bin/../lib/gcc/arm-none-eabi/14.3.1/thumb/v7e-m+fp/hard/crtbegin.o
                0x20000020                        . = ALIGN (0x4)

.bss            0x20000020       0xcc load address 0x08002964
                0x20000020                        _sbss = .
                0x20000020                        __bss_start__ = _sbss
 *(.bss)
 .bss           0x20000020       0x1c C:/ST/STM32CubeIDE_2.2.0/STM32CubeIDE/plugins/com.st.stm32cube.ide.mcu.externaltools.gnu-tools-for-stm32.14.3.rel1.win32_1.0.100.202602081740/tools/bin/../lib/gcc/arm-none-eabi/14.3.1/thumb/v7e-m+fp/hard/crtbegin.o
 *(.bss*)
 .bss.BspCOMInit
                0x2000003c       0x10 ./Application/User/Core/main.o
                0x2000003c                BspCOMInit
 .bss.hpb_exti  0x2000004c        0x8 ./Drivers/BSP/STM32G4xx_Nucleo/stm32g4xx_nucleo.o
                0x2000004c                hpb_exti
 .bss.hcom_uart
                0x20000054       0x94 ./Drivers/BSP/STM32G4xx_Nucleo/stm32g4xx_nucleo.o
                0x20000054                hcom_uart
 .bss.uwTick    0x200000e8        0x4 ./Drivers/STM32G4xx_HAL_Driver/stm32g4xx_hal.o
                0x200000e8                uwTick
 *(COMMON)
                0x200000ec                        . = ALIGN (0x4)
                0x200000ec                        _ebss = .
                0x200000ec                        __bss_end__ = _ebss

._user_heap_stack
                0x200000ec      0x604 load address 0x08002964
                0x200000f0                        . = ALIGN (0x8)
 *fill*         0x200000ec        0x4 
                [!provide]                        PROVIDE (end = .)
                0x200000f0                        PROVIDE (_end = .)
                0x200002f0                        . = (. + _Min_Heap_Size)
 *fill*         0x200000f0      0x200 
                0x200006f0                        . = (. + _Min_Stack_Size)
 *fill*         0x200002f0      0x400 
                0x200006f0                        . = ALIGN (0x8)

/DISCARD/
 libc.a(*)
 libm.a(*)
 libgcc.a(*)

.ARM.attributes
                0x00000000       0x30
 *(.ARM.attributes)
 .ARM.attributes
                0x00000000       0x22 C:/ST/STM32CubeIDE_2.2.0/STM32CubeIDE/plugins/com.st.stm32cube.ide.mcu.externaltools.gnu-tools-for-stm32.14.3.rel1.win32_1.0.100.202602081740/tools/bin/../lib/gcc/arm-none-eabi/14.3.1/thumb/v7e-m+fp/hard/crti.o
 .ARM.attributes
                0x00000022       0x34 C:/ST/STM32CubeIDE_2.2.0/STM32CubeIDE/plugins/com.st.stm32cube.ide.mcu.externaltools.gnu-tools-for-stm32.14.3.rel1.win32_1.0.100.202602081740/tools/bin/../lib/gcc/arm-none-eabi/14.3.1/thumb/v7e-m+fp/hard/crtbegin.o
 .ARM.attributes
                0x00000056       0x34 ./Application/User/Core/gpio.o
 .ARM.attributes
                0x0000008a       0x34 ./Application/User/Core/main.o
 .ARM.attributes
                0x000000be       0x34 ./Application/User/Core/stm32g4xx_hal_msp.o
 .ARM.attributes
                0x000000f2       0x34 ./Application/User/Core/stm32g4xx_it.o
 .ARM.attributes
                0x00000126       0x21 ./Application/User/Startup/startup_stm32g474retx.o
 .ARM.attributes
                0x00000147       0x34 ./Drivers/BSP/STM32G4xx_Nucleo/stm32g4xx_nucleo.o
 .ARM.attributes
                0x0000017b       0x34 ./Drivers/CMSIS/system_stm32g4xx.o
 .ARM.attributes
                0x000001af       0x34 ./Drivers/STM32G4xx_HAL_Driver/stm32g4xx_hal.o
 .ARM.attributes
                0x000001e3       0x34 ./Drivers/STM32G4xx_HAL_Driver/stm32g4xx_hal_cortex.o
 .ARM.attributes
                0x00000217       0x34 ./Drivers/STM32G4xx_HAL_Driver/stm32g4xx_hal_exti.o
 .ARM.attributes
                0x0000024b       0x34 ./Drivers/STM32G4xx_HAL_Driver/stm32g4xx_hal_gpio.o
 .ARM.attributes
                0x0000027f       0x34 ./Drivers/STM32G4xx_HAL_Driver/stm32g4xx_hal_pwr_ex.o
 .ARM.attributes
                0x000002b3       0x34 ./Drivers/STM32G4xx_HAL_Driver/stm32g4xx_hal_rcc.o
 .ARM.attributes
                0x000002e7       0x34 ./Drivers/STM32G4xx_HAL_Driver/stm32g4xx_hal_uart.o
 .ARM.attributes
                0x0000031b       0x34 C:/ST/STM32CubeIDE_2.2.0/STM32CubeIDE/plugins/com.st.stm32cube.ide.mcu.externaltools.gnu-tools-for-stm32.14.3.rel1.win32_1.0.100.202602081740/tools/bin/../lib/gcc/arm-none-eabi/14.3.1/../../../../arm-none-eabi/lib/thumb/v7e-m+fp/hard\libc_nano.a(libc_a-memset.o)
 .ARM.attributes
                0x0000034f       0x34 C:/ST/STM32CubeIDE_2.2.0/STM32CubeIDE/plugins/com.st.stm32cube.ide.mcu.externaltools.gnu-tools-for-stm32.14.3.rel1.win32_1.0.100.202602081740/tools/bin/../lib/gcc/arm-none-eabi/14.3.1/../../../../arm-none-eabi/lib/thumb/v7e-m+fp/hard\libc_nano.a(libc_a-init.o)
 .ARM.attributes
                0x00000383       0x22 C:/ST/STM32CubeIDE_2.2.0/STM32CubeIDE/plugins/com.st.stm32cube.ide.mcu.externaltools.gnu-tools-for-stm32.14.3.rel1.win32_1.0.100.202602081740/tools/bin/../lib/gcc/arm-none-eabi/14.3.1/thumb/v7e-m+fp/hard\libgcc.a(_aeabi_uldivmod.o)
 .ARM.attributes
                0x000003a5       0x34 C:/ST/STM32CubeIDE_2.2.0/STM32CubeIDE/plugins/com.st.stm32cube.ide.mcu.externaltools.gnu-tools-for-stm32.14.3.rel1.win32_1.0.100.202602081740/tools/bin/../lib/gcc/arm-none-eabi/14.3.1/thumb/v7e-m+fp/hard\libgcc.a(_udivmoddi4.o)
 .ARM.attributes
                0x000003d9       0x22 C:/ST/STM32CubeIDE_2.2.0/STM32CubeIDE/plugins/com.st.stm32cube.ide.mcu.externaltools.gnu-tools-for-stm32.14.3.rel1.win32_1.0.100.202602081740/tools/bin/../lib/gcc/arm-none-eabi/14.3.1/thumb/v7e-m+fp/hard\libgcc.a(_dvmd_tls.o)
 .ARM.attributes
                0x000003fb       0x22 C:/ST/STM32CubeIDE_2.2.0/STM32CubeIDE/plugins/com.st.stm32cube.ide.mcu.externaltools.gnu-tools-for-stm32.14.3.rel1.win32_1.0.100.202602081740/tools/bin/../lib/gcc/arm-none-eabi/14.3.1/thumb/v7e-m+fp/hard/crtn.o
OUTPUT(aegis_core.elf elf32-littlearm)
LOAD linker stubs
LOAD C:/ST/STM32CubeIDE_2.2.0/STM32CubeIDE/plugins/com.st.stm32cube.ide.mcu.externaltools.gnu-tools-for-stm32.14.3.rel1.win32_1.0.100.202602081740/tools/bin/../lib/gcc/arm-none-eabi/14.3.1/../../../../arm-none-eabi/lib/thumb/v7e-m+fp/hard\libc.a
LOAD C:/ST/STM32CubeIDE_2.2.0/STM32CubeIDE/plugins/com.st.stm32cube.ide.mcu.externaltools.gnu-tools-for-stm32.14.3.rel1.win32_1.0.100.202602081740/tools/bin/../lib/gcc/arm-none-eabi/14.3.1/../../../../arm-none-eabi/lib/thumb/v7e-m+fp/hard\libm.a
LOAD C:/ST/STM32CubeIDE_2.2.0/STM32CubeIDE/plugins/com.st.stm32cube.ide.mcu.externaltools.gnu-tools-for-stm32.14.3.rel1.win32_1.0.100.202602081740/tools/bin/../lib/gcc/arm-none-eabi/14.3.1/thumb/v7e-m+fp/hard\libgcc.a

.debug_info     0x00000000     0xae7b
 .debug_info    0x00000000      0x30e ./Application/User/Core/gpio.o
 .debug_info    0x0000030e      0x51a ./Application/User/Core/main.o
 .debug_info    0x00000828      0x2e1 ./Application/User/Core/stm32g4xx_hal_msp.o
 .debug_info    0x00000b09      0x162 ./Application/User/Core/stm32g4xx_it.o
 .debug_info    0x00000c6b       0x30 ./Application/User/Startup/startup_stm32g474retx.o
 .debug_info    0x00000c9b     0x1762 ./Drivers/BSP/STM32G4xx_Nucleo/stm32g4xx_nucleo.o
 .debug_info    0x000023fd      0x58e ./Drivers/CMSIS/system_stm32g4xx.o
 .debug_info    0x0000298b      0xb95 ./Drivers/STM32G4xx_HAL_Driver/stm32g4xx_hal.o
 .debug_info    0x00003520      0xdf9 ./Drivers/STM32G4xx_HAL_Driver/stm32g4xx_hal_cortex.o
 .debug_info    0x00004319      0x65f ./Drivers/STM32G4xx_HAL_Driver/stm32g4xx_hal_exti.o
 .debug_info    0x00004978      0x772 ./Drivers/STM32G4xx_HAL_Driver/stm32g4xx_hal_gpio.o
 .debug_info    0x000050ea      0x944 ./Drivers/STM32G4xx_HAL_Driver/stm32g4xx_hal_pwr_ex.o
 .debug_info    0x00005a2e      0xbf9 ./Drivers/STM32G4xx_HAL_Driver/stm32g4xx_hal_rcc.o
 .debug_info    0x00006627     0x4854 ./Drivers/STM32G4xx_HAL_Driver/stm32g4xx_hal_uart.o

.debug_abbrev   0x00000000     0x192a
 .debug_abbrev  0x00000000       0xc6 ./Application/User/Core/gpio.o
 .debug_abbrev  0x000000c6      0x18d ./Application/User/Core/main.o
 .debug_abbrev  0x00000253       0xd9 ./Application/User/Core/stm32g4xx_hal_msp.o
 .debug_abbrev  0x0000032c       0xbc ./Application/User/Core/stm32g4xx_it.o
 .debug_abbrev  0x000003e8       0x24 ./Application/User/Startup/startup_stm32g474retx.o
 .debug_abbrev  0x0000040c      0x2fb ./Drivers/BSP/STM32G4xx_Nucleo/stm32g4xx_nucleo.o
 .debug_abbrev  0x00000707      0x11a ./Drivers/CMSIS/system_stm32g4xx.o
 .debug_abbrev  0x00000821      0x271 ./Drivers/STM32G4xx_HAL_Driver/stm32g4xx_hal.o
 .debug_abbrev  0x00000a92      0x31c ./Drivers/STM32G4xx_HAL_Driver/stm32g4xx_hal_cortex.o
 .debug_abbrev  0x00000dae      0x1b1 ./Drivers/STM32G4xx_HAL_Driver/stm32g4xx_hal_exti.o
 .debug_abbrev  0x00000f5f      0x1d2 ./Drivers/STM32G4xx_HAL_Driver/stm32g4xx_hal_gpio.o
 .debug_abbrev  0x00001131      0x22c ./Drivers/STM32G4xx_HAL_Driver/stm32g4xx_hal_pwr_ex.o
 .debug_abbrev  0x0000135d      0x2c9 ./Drivers/STM32G4xx_HAL_Driver/stm32g4xx_hal_rcc.o
 .debug_abbrev  0x00001626      0x304 ./Drivers/STM32G4xx_HAL_Driver/stm32g4xx_hal_uart.o

.debug_aranges  0x00000000      0x938
 .debug_aranges
                0x00000000       0x20 ./Application/User/Core/gpio.o
 .debug_aranges
                0x00000020       0x30 ./Application/User/Core/main.o
 .debug_aranges
                0x00000050       0x20 ./Application/User/Core/stm32g4xx_hal_msp.o
 .debug_aranges
                0x00000070       0x68 ./Application/User/Core/stm32g4xx_it.o
 .debug_aranges
                0x000000d8       0x28 ./Application/User/Startup/startup_stm32g474retx.o
 .debug_aranges
                0x00000100       0xc8 ./Drivers/BSP/STM32G4xx_Nucleo/stm32g4xx_nucleo.o
 .debug_aranges
                0x000001c8       0x28 ./Drivers/CMSIS/system_stm32g4xx.o
 .debug_aranges
                0x000001f0      0x148 ./Drivers/STM32G4xx_HAL_Driver/stm32g4xx_hal.o
 .debug_aranges
                0x00000338      0x128 ./Drivers/STM32G4xx_HAL_Driver/stm32g4xx_hal_cortex.o
 .debug_aranges
                0x00000460       0x60 ./Drivers/STM32G4xx_HAL_Driver/stm32g4xx_hal_exti.o
 .debug_aranges
                0x000004c0       0x58 ./Drivers/STM32G4xx_HAL_Driver/stm32g4xx_hal_gpio.o
 .debug_aranges
                0x00000518      0x140 ./Drivers/STM32G4xx_HAL_Driver/stm32g4xx_hal_pwr_ex.o
 .debug_aranges
                0x00000658       0x98 ./Drivers/STM32G4xx_HAL_Driver/stm32g4xx_hal_rcc.o
 .debug_aranges
                0x000006f0      0x248 ./Drivers/STM32G4xx_HAL_Driver/stm32g4xx_hal_uart.o

.debug_rnglists
                0x00000000      0x701
 .debug_rnglists
                0x00000000       0x13 ./Application/User/Core/gpio.o
 .debug_rnglists
                0x00000013       0x20 ./Application/User/Core/main.o
 .debug_rnglists
                0x00000033       0x13 ./Application/User/Core/stm32g4xx_hal_msp.o
 .debug_rnglists
                0x00000046       0x49 ./Application/User/Core/stm32g4xx_it.o
 .debug_rnglists
                0x0000008f       0x19 ./Application/User/Startup/startup_stm32g474retx.o
 .debug_rnglists
                0x000000a8       0x93 ./Drivers/BSP/STM32G4xx_Nucleo/stm32g4xx_nucleo.o
 .debug_rnglists
                0x0000013b       0x1a ./Drivers/CMSIS/system_stm32g4xx.o
 .debug_rnglists
                0x00000155       0xf1 ./Drivers/STM32G4xx_HAL_Driver/stm32g4xx_hal.o
 .debug_rnglists
                0x00000246       0xda ./Drivers/STM32G4xx_HAL_Driver/stm32g4xx_hal_cortex.o
 .debug_rnglists
                0x00000320       0x46 ./Drivers/STM32G4xx_HAL_Driver/stm32g4xx_hal_exti.o
 .debug_rnglists
                0x00000366       0x3f ./Drivers/STM32G4xx_HAL_Driver/stm32g4xx_hal_gpio.o
 .debug_rnglists
                0x000003a5       0xf1 ./Drivers/STM32G4xx_HAL_Driver/stm32g4xx_hal_pwr_ex.o
 .debug_rnglists
                0x00000496       0x74 ./Drivers/STM32G4xx_HAL_Driver/stm32g4xx_hal_rcc.o
 .debug_rnglists
                0x0000050a      0x1f7 ./Drivers/STM32G4xx_HAL_Driver/stm32g4xx_hal_uart.o

.debug_macro    0x00000000    0x2500e
 .debug_macro   0x00000000      0x2cc ./Application/User/Core/gpio.o
 .debug_macro   0x000002cc      0xade ./Application/User/Core/gpio.o
 .debug_macro   0x00000daa      0x155 ./Application/User/Core/gpio.o
 .debug_macro   0x00000eff       0x2e ./Application/User/Core/gpio.o
 .debug_macro   0x00000f2d       0x28 ./Application/User/Core/gpio.o
 .debug_macro   0x00000f55       0x22 ./Application/User/Core/gpio.o
 .debug_macro   0x00000f77       0x8e ./Application/User/Core/gpio.o
 .debug_macro   0x00001005       0x51 ./Application/User/Core/gpio.o
 .debug_macro   0x00001056      0x103 ./Application/User/Core/gpio.o
 .debug_macro   0x00001159       0x6a ./Application/User/Core/gpio.o
 .debug_macro   0x000011c3      0x1df ./Application/User/Core/gpio.o
 .debug_macro   0x000013a2       0x1c ./Application/User/Core/gpio.o
 .debug_macro   0x000013be       0x22 ./Application/User/Core/gpio.o
 .debug_macro   0x000013e0       0xfb ./Application/User/Core/gpio.o
 .debug_macro   0x000014db     0x1011 ./Application/User/Core/gpio.o
 .debug_macro   0x000024ec      0x11f ./Application/User/Core/gpio.o
 .debug_macro   0x0000260b    0x18b8c ./Application/User/Core/gpio.o
 .debug_macro   0x0001b197       0x6d ./Application/User/Core/gpio.o
 .debug_macro   0x0001b204     0x3558 ./Application/User/Core/gpio.o
 .debug_macro   0x0001e75c      0x190 ./Application/User/Core/gpio.o
 .debug_macro   0x0001e8ec       0x5c ./Application/User/Core/gpio.o
 .debug_macro   0x0001e948     0x171f ./Application/User/Core/gpio.o
 .debug_macro   0x00020067      0x600 ./Application/User/Core/gpio.o
 .debug_macro   0x00020667      0x1b6 ./Application/User/Core/gpio.o
 .debug_macro   0x0002081d      0x34a ./Application/User/Core/gpio.o
 .debug_macro   0x00020b67      0x53c ./Application/User/Core/gpio.o
 .debug_macro   0x000210a3      0x18b ./Application/User/Core/gpio.o
 .debug_macro   0x0002122e       0x43 ./Application/User/Core/gpio.o
 .debug_macro   0x00021271      0x23d ./Application/User/Core/gpio.o
 .debug_macro   0x000214ae      0x211 ./Application/User/Core/gpio.o
 .debug_macro   0x000216bf      0x45c ./Application/User/Core/gpio.o
 .debug_macro   0x00021b1b      0x11c ./Application/User/Core/gpio.o
 .debug_macro   0x00021c37      0x122 ./Application/User/Core/gpio.o
 .debug_macro   0x00021d59      0x3d1 ./Application/User/Core/gpio.o
 .debug_macro   0x0002212a      0x693 ./Application/User/Core/gpio.o
 .debug_macro   0x000227bd       0xa6 ./Application/User/Core/gpio.o
 .debug_macro   0x00022863      0x358 ./Application/User/Core/gpio.o
 .debug_macro   0x00022bbb       0x52 ./Application/User/Core/gpio.o
 .debug_macro   0x00022c0d       0x22 ./Application/User/Core/gpio.o
 .debug_macro   0x00022c2f      0x100 ./Application/User/Core/gpio.o
 .debug_macro   0x00022d2f       0x61 ./Application/User/Core/gpio.o
 .debug_macro   0x00022d90       0x2a ./Application/User/Core/gpio.o
 .debug_macro   0x00022dba       0x43 ./Application/User/Core/gpio.o
 .debug_macro   0x00022dfd       0x34 ./Application/User/Core/gpio.o
 .debug_macro   0x00022e31       0x16 ./Application/User/Core/gpio.o
 .debug_macro   0x00022e47       0x3c ./Application/User/Core/gpio.o
 .debug_macro   0x00022e83      0x364 ./Application/User/Core/gpio.o
 .debug_macro   0x000231e7       0x10 ./Application/User/Core/gpio.o
 .debug_macro   0x000231f7       0x16 ./Application/User/Core/gpio.o
 .debug_macro   0x0002320d       0x4a ./Application/User/Core/gpio.o
 .debug_macro   0x00023257       0x34 ./Application/User/Core/gpio.o
 .debug_macro   0x0002328b       0x10 ./Application/User/Core/gpio.o
 .debug_macro   0x0002329b       0x58 ./Application/User/Core/gpio.o
 .debug_macro   0x000232f3       0x8e ./Application/User/Core/gpio.o
 .debug_macro   0x00023381       0x1c ./Application/User/Core/gpio.o
 .debug_macro   0x0002339d      0x17e ./Application/User/Core/gpio.o
 .debug_macro   0x0002351b       0x16 ./Application/User/Core/gpio.o
 .debug_macro   0x00023531       0x16 ./Application/User/Core/gpio.o
 .debug_macro   0x00023547      0x146 ./Application/User/Core/gpio.o
 .debug_macro   0x0002368d       0x58 ./Application/User/Core/gpio.o
 .debug_macro   0x000236e5      0x2d0 ./Application/User/Core/main.o
 .debug_macro   0x000239b5      0x2c2 ./Application/User/Core/stm32g4xx_hal_msp.o
 .debug_macro   0x00023c77      0x2cc ./Application/User/Core/stm32g4xx_it.o
 .debug_macro   0x00023f43      0x1e7 ./Drivers/BSP/STM32G4xx_Nucleo/stm32g4xx_nucleo.o
 .debug_macro   0x0002412a       0x1c ./Drivers/BSP/STM32G4xx_Nucleo/stm32g4xx_nucleo.o
 .debug_macro   0x00024146      0x1ba ./Drivers/CMSIS/system_stm32g4xx.o
 .debug_macro   0x00024300      0x208 ./Drivers/STM32G4xx_HAL_Driver/stm32g4xx_hal.o
 .debug_macro   0x00024508      0x1ba ./Drivers/STM32G4xx_HAL_Driver/stm32g4xx_hal_cortex.o
 .debug_macro   0x000246c2      0x1c6 ./Drivers/STM32G4xx_HAL_Driver/stm32g4xx_hal_exti.o
 .debug_macro   0x00024888      0x1c1 ./Drivers/STM32G4xx_HAL_Driver/stm32g4xx_hal_gpio.o
 .debug_macro   0x00024a49      0x1e4 ./Drivers/STM32G4xx_HAL_Driver/stm32g4xx_hal_pwr_ex.o
 .debug_macro   0x00024c2d      0x1fc ./Drivers/STM32G4xx_HAL_Driver/stm32g4xx_hal_rcc.o
 .debug_macro   0x00024e29      0x1e5 ./Drivers/STM32G4xx_HAL_Driver/stm32g4xx_hal_uart.o

.debug_line     0x00000000     0xbce6
 .debug_line    0x00000000      0x943 ./Application/User/Core/gpio.o
 .debug_line    0x00000943      0x9d7 ./Application/User/Core/main.o
 .debug_line    0x0000131a      0x945 ./Application/User/Core/stm32g4xx_hal_msp.o
 .debug_line    0x00001c5f      0xa0b ./Application/User/Core/stm32g4xx_it.o
 .debug_line    0x0000266a       0x7b ./Application/User/Startup/startup_stm32g474retx.o
 .debug_line    0x000026e5      0xb1d ./Drivers/BSP/STM32G4xx_Nucleo/stm32g4xx_nucleo.o
 .debug_line    0x00003202      0x7ef ./Drivers/CMSIS/system_stm32g4xx.o
 .debug_line    0x000039f1      0xbbe ./Drivers/STM32G4xx_HAL_Driver/stm32g4xx_hal.o
 .debug_line    0x000045af      0xd20 ./Drivers/STM32G4xx_HAL_Driver/stm32g4xx_hal_cortex.o
 .debug_line    0x000052cf      0xafb ./Drivers/STM32G4xx_HAL_Driver/stm32g4xx_hal_exti.o
 .debug_line    0x00005dca      0xba7 ./Drivers/STM32G4xx_HAL_Driver/stm32g4xx_hal_gpio.o
 .debug_line    0x00006971      0xd1a ./Drivers/STM32G4xx_HAL_Driver/stm32g4xx_hal_pwr_ex.o
 .debug_line    0x0000768b     0x103e ./Drivers/STM32G4xx_HAL_Driver/stm32g4xx_hal_rcc.o
 .debug_line    0x000086c9     0x361d ./Drivers/STM32G4xx_HAL_Driver/stm32g4xx_hal_uart.o

.debug_str      0x00000000    0xe9a6f
 .debug_str     0x00000000    0xe9a6f ./Application/User/Core/gpio.o
                              0xe655a (size before relaxing)
 .debug_str     0x000e9a6f    0xe680a ./Application/User/Core/main.o
 .debug_str     0x000e9a6f    0xe657b ./Application/User/Core/stm32g4xx_hal_msp.o
 .debug_str     0x000e9a6f    0xe64d4 ./Application/User/Core/stm32g4xx_it.o
 .debug_str     0x000e9a6f       0xa5 ./Application/User/Startup/startup_stm32g474retx.o
 .debug_str     0x000e9a6f    0xe3e9b ./Drivers/BSP/STM32G4xx_Nucleo/stm32g4xx_nucleo.o
 .debug_str     0x000e9a6f    0xe25b9 ./Drivers/CMSIS/system_stm32g4xx.o
 .debug_str     0x000e9a6f    0xe32cb ./Drivers/STM32G4xx_HAL_Driver/stm32g4xx_hal.o
 .debug_str     0x000e9a6f    0xe2f87 ./Drivers/STM32G4xx_HAL_Driver/stm32g4xx_hal_cortex.o
 .debug_str     0x000e9a6f    0xe2653 ./Drivers/STM32G4xx_HAL_Driver/stm32g4xx_hal_exti.o
 .debug_str     0x000e9a6f    0xe2744 ./Drivers/STM32G4xx_HAL_Driver/stm32g4xx_hal_gpio.o
 .debug_str     0x000e9a6f    0xe2aa7 ./Drivers/STM32G4xx_HAL_Driver/stm32g4xx_hal_pwr_ex.o
 .debug_str     0x000e9a6f    0xe2cd8 ./Drivers/STM32G4xx_HAL_Driver/stm32g4xx_hal_rcc.o
 .debug_str     0x000e9a6f    0xe3574 ./Drivers/STM32G4xx_HAL_Driver/stm32g4xx_hal_uart.o

.comment        0x00000000       0x43
 .comment       0x00000000       0x43 ./Application/User/Core/gpio.o
                                 0x44 (size before relaxing)
 .comment       0x00000043       0x44 ./Application/User/Core/main.o
 .comment       0x00000043       0x44 ./Application/User/Core/stm32g4xx_hal_msp.o
 .comment       0x00000043       0x44 ./Application/User/Core/stm32g4xx_it.o
 .comment       0x00000043       0x44 ./Drivers/BSP/STM32G4xx_Nucleo/stm32g4xx_nucleo.o
 .comment       0x00000043       0x44 ./Drivers/CMSIS/system_stm32g4xx.o
 .comment       0x00000043       0x44 ./Drivers/STM32G4xx_HAL_Driver/stm32g4xx_hal.o
 .comment       0x00000043       0x44 ./Drivers/STM32G4xx_HAL_Driver/stm32g4xx_hal_cortex.o
 .comment       0x00000043       0x44 ./Drivers/STM32G4xx_HAL_Driver/stm32g4xx_hal_exti.o
 .comment       0x00000043       0x44 ./Drivers/STM32G4xx_HAL_Driver/stm32g4xx_hal_gpio.o
 .comment       0x00000043       0x44 ./Drivers/STM32G4xx_HAL_Driver/stm32g4xx_hal_pwr_ex.o
 .comment       0x00000043       0x44 ./Drivers/STM32G4xx_HAL_Driver/stm32g4xx_hal_rcc.o
 .comment       0x00000043       0x44 ./Drivers/STM32G4xx_HAL_Driver/stm32g4xx_hal_uart.o

.debug_frame    0x00000000     0x2224
 .debug_frame   0x00000000       0x34 ./Application/User/Core/gpio.o
 .debug_frame   0x00000034       0x68 ./Application/User/Core/main.o
 .debug_frame   0x0000009c       0x34 ./Application/User/Core/stm32g4xx_hal_msp.o
 .debug_frame   0x000000d0      0x114 ./Application/User/Core/stm32g4xx_it.o
 .debug_frame   0x000001e4      0x308 ./Drivers/BSP/STM32G4xx_Nucleo/stm32g4xx_nucleo.o
 .debug_frame   0x000004ec       0x50 ./Drivers/CMSIS/system_stm32g4xx.o
 .debug_frame   0x0000053c      0x480 ./Drivers/STM32G4xx_HAL_Driver/stm32g4xx_hal.o
 .debug_frame   0x000009bc      0x49c ./Drivers/STM32G4xx_HAL_Driver/stm32g4xx_hal_cortex.o
 .debug_frame   0x00000e58      0x154 ./Drivers/STM32G4xx_HAL_Driver/stm32g4xx_hal_exti.o
 .debug_frame   0x00000fac      0x130 ./Drivers/STM32G4xx_HAL_Driver/stm32g4xx_hal_gpio.o
 .debug_frame   0x000010dc      0x46c ./Drivers/STM32G4xx_HAL_Driver/stm32g4xx_hal_pwr_ex.o
 .debug_frame   0x00001548      0x218 ./Drivers/STM32G4xx_HAL_Driver/stm32g4xx_hal_rcc.o
 .debug_frame   0x00001760      0xa18 ./Drivers/STM32G4xx_HAL_Driver/stm32g4xx_hal_uart.o
 .debug_frame   0x00002178       0x20 C:/ST/STM32CubeIDE_2.2.0/STM32CubeIDE/plugins/com.st.stm32cube.ide.mcu.externaltools.gnu-tools-for-stm32.14.3.rel1.win32_1.0.100.202602081740/tools/bin/../lib/gcc/arm-none-eabi/14.3.1/../../../../arm-none-eabi/lib/thumb/v7e-m+fp/hard\libc_nano.a(libc_a-memset.o)
 .debug_frame   0x00002198       0x2c C:/ST/STM32CubeIDE_2.2.0/STM32CubeIDE/plugins/com.st.stm32cube.ide.mcu.externaltools.gnu-tools-for-stm32.14.3.rel1.win32_1.0.100.202602081740/tools/bin/../lib/gcc/arm-none-eabi/14.3.1/../../../../arm-none-eabi/lib/thumb/v7e-m+fp/hard\libc_nano.a(libc_a-init.o)
 .debug_frame   0x000021c4       0x2c C:/ST/STM32CubeIDE_2.2.0/STM32CubeIDE/plugins/com.st.stm32cube.ide.mcu.externaltools.gnu-tools-for-stm32.14.3.rel1.win32_1.0.100.202602081740/tools/bin/../lib/gcc/arm-none-eabi/14.3.1/thumb/v7e-m+fp/hard\libgcc.a(_aeabi_uldivmod.o)
 .debug_frame   0x000021f0       0x34 C:/ST/STM32CubeIDE_2.2.0/STM32CubeIDE/plugins/com.st.stm32cube.ide.mcu.externaltools.gnu-tools-for-stm32.14.3.rel1.win32_1.0.100.202602081740/tools/bin/../lib/gcc/arm-none-eabi/14.3.1/thumb/v7e-m+fp/hard\libgcc.a(_udivmoddi4.o)

.debug_line_str
                0x00000000       0x89
 .debug_line_str
                0x00000000       0x89 ./Application/User/Startup/startup_stm32g474retx.o
